Scope: all 8 workspace projects
? Verifying lockfile against supply-chain policies (486 entries)...
[WARN] Request took 13085ms: https://registry.npmjs.org/@babel%2Fhelper-validator-identifier
[WARN] Request took 13093ms: https://registry.npmjs.org/@babel%2Fcode-frame
[WARN] Request took 13124ms: https://registry.npmjs.org/@drizzle-team%2Fbrocli
[WARN] Request took 13125ms: https://registry.npmjs.org/@better-auth%2Fmongo-adapter
[WARN] Request took 13126ms: https://registry.npmjs.org/@cacheable%2Futils
[WARN] Request took 13125ms: https://registry.npmjs.org/@esbuild%2Flinux-mips64el
[WARN] Request took 13131ms: https://registry.npmjs.org/@esbuild%2Fdarwin-arm64
[WARN] Request took 13132ms: https://registry.npmjs.org/@alloc%2Fquick-lru
[WARN] Request took 13131ms: https://registry.npmjs.org/@better-auth%2Futils
[WARN] Request took 13131ms: https://registry.npmjs.org/@esbuild%2Flinux-arm
[WARN] Request took 13131ms: https://registry.npmjs.org/@esbuild%2Ffreebsd-arm64
[WARN] Request took 13132ms: https://registry.npmjs.org/@better-auth%2Fmemory-adapter
[WARN] Request took 13132ms: https://registry.npmjs.org/@better-auth%2Fprisma-adapter
[WARN] Request took 13133ms: https://registry.npmjs.org/@esbuild%2Fandroid-arm64
[WARN] Request took 13133ms: https://registry.npmjs.org/@esbuild%2Ffreebsd-x64
[WARN] Request took 13135ms: https://registry.npmjs.org/@emnapi%2Fruntime
[WARN] Request took 13136ms: https://registry.npmjs.org/@better-fetch%2Ffetch
[WARN] Request took 13137ms: https://registry.npmjs.org/@cacheable%2Fmemory
[WARN] Request took 13139ms: https://registry.npmjs.org/@better-auth%2Ftelemetry
[WARN] Request took 13138ms: https://registry.npmjs.org/@esbuild%2Flinux-ia32
[WARN] Request took 13140ms: https://registry.npmjs.org/@better-auth%2Fdrizzle-adapter
[WARN] Request took 13139ms: https://registry.npmjs.org/@esbuild%2Faix-ppc64
[WARN] Request took 13140ms: https://registry.npmjs.org/@better-auth%2Fcore
[WARN] Request took 13166ms: https://registry.npmjs.org/@esbuild%2Flinux-s390x
[WARN] Request took 13181ms: https://registry.npmjs.org/@esbuild-kit%2Fcore-utils
[WARN] Request took 13182ms: https://registry.npmjs.org/@better-auth%2Fkysely-adapter
[WARN] Request took 13185ms: https://registry.npmjs.org/@esbuild%2Flinux-loong64
[WARN] Request took 13196ms: https://registry.npmjs.org/@esbuild%2Fandroid-x64
[WARN] Request took 13208ms: https://registry.npmjs.org/@esbuild%2Flinux-riscv64
[WARN] Request took 13231ms: https://registry.npmjs.org/@esbuild%2Fdarwin-x64
[WARN] Request took 13288ms: https://registry.npmjs.org/@esbuild%2Flinux-arm64
[WARN] Request took 13288ms: https://registry.npmjs.org/@esbuild%2Flinux-ppc64
[WARN] Request took 13367ms: https://registry.npmjs.org/@esbuild-kit%2Fesm-loader
[WARN] Request took 13432ms: https://registry.npmjs.org/@esbuild%2Fandroid-arm
Packages are hard linked from the content-addressable store to the virtual store.
  Content-addressable store is at: /root/.local/share/pnpm/store/v11
  Virtual store is at:             node_modules/.pnpm
Downloading @next/swc-linux-x64-gnu@16.3.5: 0.00 B/33.79 MB
Downloading @swc/core-linux-x64-gnu@1.16.2: 0.00 B/12.47 MB
Downloading @temporalio/core-bridge@1.24.0: 0.00 B/51.00 MB
Downloading @img/sharp-libvips-linux-x64@1.3.3: 0.00 B/8.17 MB
[WARN] GET https://registry.npmjs.org/@webassemblyjs/wasm-opt/-/wasm-opt-1.14.1.tgz error (Failed to fetch https://registry.npmjs.org/@webassemblyjs/wasm-opt/-/wasm-opt-1.14.1.tgz: error sending request: client error (Connect): tunnel error: unsuccessful) — 1
Will retry in 10s. 1 retries left.
[WARN] GET https://registry.npmjs.org/@swc/counter/-/counter-0.1.3.tgz error (Failed to fetch https://registry.npmjs.org/@swc/counter/-/counter-0.1.3.tgz: error sending request: client error (Connect): tunnel error: unsuccessful) — 1
Will retry in 10s. 1 retries left.
[WARN] GET https://registry.npmjs.org/csstype/-/csstype-3.2.3.tgz error (Failed to fetch https://registry.npmjs.org/csstype/-/csstype-3.2.3.tgz: error sending request: client error (Connect): tunnel error: unsuccessful) — 1
Will retry in 10s. 1 retries left.
[WARN] GET https://registry.npmjs.org/@humanwhocodes/retry/-/retry-0.4.3.tgz error (Failed to fetch https://registry.npmjs.org/@humanwhocodes/retry/-/retry-0.4.3.tgz: error sending request: client error (Connect): tunnel error: unsuccessful) — 1
Will retry in 10s. 1 retries left.
[WARN] GET https://registry.npmjs.org/tinyglobby/-/tinyglobby-0.2.17.tgz error (Failed to fetch https://registry.npmjs.org/tinyglobby/-/tinyglobby-0.2.17.tgz: error sending request: client error (Connect): tunnel error: unsuccessful) — 1
Will retry in 10s. 1 retries left.
[WARN] GET https://registry.npmjs.org/postcss/-/postcss-8.5.23.tgz error (Failed to fetch https://registry.npmjs.org/postcss/-/postcss-8.5.23.tgz: error sending request: client error (Connect): tunnel error: unsuccessful) — 1
Will retry in 10s. 1 retries left.
[WARN] GET https://registry.npmjs.org/@types/estree/-/estree-1.0.9.tgz error (Failed to fetch https://registry.npmjs.org/@types/estree/-/estree-1.0.9.tgz: error sending request: client error (Connect): tunnel error: unsuccessful) — 1
Will retry in 10s. 1 retries left.
[WARN] GET https://registry.npmjs.org/@cacheable/memory/-/memory-2.2.0.tgz error (Failed to fetch https://registry.npmjs.org/@cacheable/memory/-/memory-2.2.0.tgz: error sending request: client error (Connect): tunnel error: unsuccessful) — 1
Will retry in 10s. 1 retries left.
[WARN] GET https://registry.npmjs.org/@jsonjoy.com/buffers/-/buffers-1.2.1.tgz error (Failed to fetch https://registry.npmjs.org/@jsonjoy.com/buffers/-/buffers-1.2.1.tgz: error sending request: client error (Connect): tunnel error: unsuccessful) — 1
Will retry in 10s. 1 retries left.
[WARN] GET https://registry.npmjs.org/yargs-parser/-/yargs-parser-21.1.1.tgz error (Failed to fetch https://registry.npmjs.org/yargs-parser/-/yargs-parser-21.1.1.tgz: error sending request: client error (Connect): tunnel error: unsuccessful) — 1
Will retry in 10s. 1 retries left.
[WARN] GET https://registry.npmjs.org/source-map/-/source-map-0.7.6.tgz error (Failed to fetch https://registry.npmjs.org/source-map/-/source-map-0.7.6.tgz: error sending request: client error (Connect): tunnel error: unsuccessful) — 1
Will retry in 10s. 1 retries left.
[WARN] GET https://registry.npmjs.org/ms/-/ms-2.1.3.tgz error (Failed to fetch https://registry.npmjs.org/ms/-/ms-2.1.3.tgz: error sending request: client error (Connect): tunnel error: unsuccessful) — 1
Will retry in 10s. 1 retries left.
[WARN] GET https://registry.npmjs.org/punycode/-/punycode-2.3.1.tgz error (Failed to fetch https://registry.npmjs.org/punycode/-/punycode-2.3.1.tgz: error sending request: client error (Connect): tunnel error: unsuccessful) — 1
Will retry in 10s. 1 retries left.
[WARN] GET https://registry.npmjs.org/string-width/-/string-width-4.2.3.tgz error (Failed to fetch https://registry.npmjs.org/string-width/-/string-width-4.2.3.tgz: error sending request: client error (Connect): tunnel error: unsuccessful) — 1
Will retry in 10s. 1 retries left.
[WARN] GET https://registry.npmjs.org/@jsonjoy.com/fs-core/-/fs-core-4.78.0.tgz error (Failed to fetch https://registry.npmjs.org/@jsonjoy.com/fs-core/-/fs-core-4.78.0.tgz: error sending request: client error (Connect): tunnel error: unsuccessful) — 1
Will retry in 10s. 1 retries left.
[WARN] GET https://registry.npmjs.org/terser/-/terser-5.51.2.tgz error (Failed to fetch https://registry.npmjs.org/terser/-/terser-5.51.2.tgz: error sending request: client error (Connect): tunnel error: unsuccessful) — 1
Will retry in 10s. 1 retries left.
[WARN] GET https://registry.npmjs.org/yaml-ast-parser/-/yaml-ast-parser-0.0.43.tgz error (Failed to fetch https://registry.npmjs.org/yaml-ast-parser/-/yaml-ast-parser-0.0.43.tgz: error sending request: client error (Connect): tunnel error: unsuccessful) — 1
Will retry in 10s. 1 retries left.
[WARN] GET https://registry.npmjs.org/esutils/-/esutils-2.0.3.tgz error (Failed to fetch https://registry.npmjs.org/esutils/-/esutils-2.0.3.tgz: error sending request: client error (Connect): tunnel error: unsuccessful) — 1
Will retry in 10s. 1 retries left.
[WARN] GET https://registry.npmjs.org/uri-js/-/uri-js-4.4.1.tgz error (Failed to fetch https://registry.npmjs.org/uri-js/-/uri-js-4.4.1.tgz: error sending request: client error (Connect): tunnel error: unsuccessful) — 1
Will retry in 10s. 1 retries left.
[WARN] GET https://registry.npmjs.org/qified/-/qified-0.10.1.tgz error (Failed to fetch https://registry.npmjs.org/qified/-/qified-0.10.1.tgz: error sending request: client error (Connect): tunnel error: unsuccessful) — 1
Will retry in 10s. 1 retries left.
[WARN] GET https://registry.npmjs.org/@standard-schema/spec/-/spec-1.1.0.tgz error (Failed to fetch https://registry.npmjs.org/@standard-schema/spec/-/spec-1.1.0.tgz: error sending request: client error (Connect): tunnel error: unsuccessful) — 1
Will retry in 10s. 1 retries left.
[WARN] GET https://registry.npmjs.org/uuid/-/uuid-11.1.1.tgz error (Failed to fetch https://registry.npmjs.org/uuid/-/uuid-11.1.1.tgz: error sending request: client error (Connect): tunnel error: unsuccessful) — 1
Will retry in 10s. 1 retries left.
[WARN] GET https://registry.npmjs.org/postcss/-/postcss-8.5.28.tgz error (Failed to fetch https://registry.npmjs.org/postcss/-/postcss-8.5.28.tgz: error sending request: client error (Connect): tunnel error: unsuccessful) — 1
Will retry in 10s. 1 retries left.
[WARN] GET https://registry.npmjs.org/fdir/-/fdir-6.5.0.tgz error (Failed to fetch https://registry.npmjs.org/fdir/-/fdir-6.5.0.tgz: error sending request: client error (Connect): tunnel error: unsuccessful) — 1
Will retry in 10s. 1 retries left.
[WARN] GET https://registry.npmjs.org/p-locate/-/p-locate-5.0.0.tgz error (Failed to fetch https://registry.npmjs.org/p-locate/-/p-locate-5.0.0.tgz: error sending request: client error (Connect): tunnel error: unsuccessful) — 1
Will retry in 10s. 1 retries left.
[WARN] GET https://registry.npmjs.org/@better-auth/utils/-/utils-0.4.2.tgz error (Failed to fetch https://registry.npmjs.org/@better-auth/utils/-/utils-0.4.2.tgz: error sending request: client error (Connect): tunnel error: unsuccessful) — 1
Will retry in 10s. 1 retries left.
[WARN] GET https://registry.npmjs.org/balanced-match/-/balanced-match-4.0.4.tgz error (Failed to fetch https://registry.npmjs.org/balanced-match/-/balanced-match-4.0.4.tgz: error sending request: client error (Connect): tunnel error: unsuccessful) — 1
Will retry in 10s. 1 retries left.
[WARN] GET https://registry.npmjs.org/esquery/-/esquery-1.7.0.tgz error (Failed to fetch https://registry.npmjs.org/esquery/-/esquery-1.7.0.tgz: error sending request: client error (Connect): tunnel error: unsuccessful) — 1
Will retry in 10s. 1 retries left.
[WARN] GET https://registry.npmjs.org/js-tokens/-/js-tokens-4.0.0.tgz error (Failed to fetch https://registry.npmjs.org/js-tokens/-/js-tokens-4.0.0.tgz: error sending request: client error (Connect): tunnel error: unsuccessful) — 1
Will retry in 10s. 1 retries left.
[WARN] GET https://registry.npmjs.org/brace-expansion/-/brace-expansion-2.1.7.tgz error (Failed to fetch https://registry.npmjs.org/brace-expansion/-/brace-expansion-2.1.7.tgz: error sending request: client error (Connect): tunnel error: unsuccessful) — 1
Will retry in 10s. 1 retries left.
[WARN] GET https://registry.npmjs.org/@typescript-eslint/type-utils/-/type-utils-8.70.0.tgz error (Failed to fetch https://registry.npmjs.org/@typescript-eslint/type-utils/-/type-utils-8.70.0.tgz: error sending request: client error (Connect): tunnel error: unsuccessful) — 1
Will retry in 10s. 1 retries left.
[WARN] GET https://registry.npmjs.org/pg-protocol/-/pg-protocol-1.16.0.tgz error (Failed to fetch https://registry.npmjs.org/pg-protocol/-/pg-protocol-1.16.0.tgz: error sending request: client error (Connect): tunnel error: unsuccessful) — 1
Will retry in 10s. 1 retries left.
[WARN] GET https://registry.npmjs.org/@jsonjoy.com/fs-snapshot/-/fs-snapshot-4.78.0.tgz error (Failed to fetch https://registry.npmjs.org/@jsonjoy.com/fs-snapshot/-/fs-snapshot-4.78.0.tgz: error sending request: client error (Connect): tunnel error: unsuccessful) — 1
Will retry in 10s. 1 retries left.
[WARN] GET https://registry.npmjs.org/safer-buffer/-/safer-buffer-2.1.2.tgz error (Failed to fetch https://registry.npmjs.org/safer-buffer/-/safer-buffer-2.1.2.tgz: error sending request: client error (Connect): tunnel error: unsuccessful) — 1
Will retry in 10s. 1 retries left.
[WARN] GET https://registry.npmjs.org/typescript-eslint/-/typescript-eslint-8.70.0.tgz error (Failed to fetch https://registry.npmjs.org/typescript-eslint/-/typescript-eslint-8.70.0.tgz: error sending request: client error (Connect): tunnel error: unsuccessful) — 1
Will retry in 10s. 1 retries left.
[WARN] GET https://registry.npmjs.org/@webassemblyjs/ast/-/ast-1.14.1.tgz error (Failed to fetch https://registry.npmjs.org/@webassemblyjs/ast/-/ast-1.14.1.tgz: error sending request: client error (Connect): tunnel error: unsuccessful) — 1
Will retry in 10s. 1 retries left.
[WARN] GET https://registry.npmjs.org/@swc/helpers/-/helpers-0.5.23.tgz error (Failed to fetch https://registry.npmjs.org/@swc/helpers/-/helpers-0.5.23.tgz: error sending request: client error (Connect): tunnel error: unsuccessful) — 1
Will retry in 10s. 1 retries left.
[WARN] GET https://registry.npmjs.org/json-schema-traverse/-/json-schema-traverse-0.4.1.tgz error (Failed to fetch https://registry.npmjs.org/json-schema-traverse/-/json-schema-traverse-0.4.1.tgz: error sending request: client error (Connect): tunnel error: unsuccessful) — 1
Will retry in 10s. 1 retries left.
[WARN] GET https://registry.npmjs.org/openapi-typescript/-/openapi-typescript-7.13.0.tgz error (Failed to fetch https://registry.npmjs.org/openapi-typescript/-/openapi-typescript-7.13.0.tgz: error sending request: client error (Connect): tunnel error: unsuccessful) — 1
Will retry in 10s. 1 retries left.
[WARN] GET https://registry.npmjs.org/acorn/-/acorn-8.18.0.tgz error (Failed to fetch https://registry.npmjs.org/acorn/-/acorn-8.18.0.tgz: error sending request: client error (Connect): tunnel error: unsuccessful) — 1
Will retry in 10s. 1 retries left.
[WARN] GET https://registry.npmjs.org/deep-is/-/deep-is-0.1.4.tgz error (Failed to fetch https://registry.npmjs.org/deep-is/-/deep-is-0.1.4.tgz: error sending request: client error (Connect): tunnel error: unsuccessful) — 1
Will retry in 10s. 1 retries left.
[WARN] GET https://registry.npmjs.org/estraverse/-/estraverse-5.3.0.tgz error (Failed to fetch https://registry.npmjs.org/estraverse/-/estraverse-5.3.0.tgz: error sending request: client error (Connect): tunnel error: unsuccessful) — 1
Will retry in 10s. 1 retries left.
[WARN] GET https://registry.npmjs.org/@babel/code-frame/-/code-frame-7.29.7.tgz error (Failed to fetch https://registry.npmjs.org/@babel/code-frame/-/code-frame-7.29.7.tgz: error sending request: client error (Connect): tunnel error: unsuccessful) — 1
Will retry in 10s. 1 retries left.
[WARN] GET https://registry.npmjs.org/@cacheable/utils/-/utils-2.5.0.tgz error (Failed to fetch https://registry.npmjs.org/@cacheable/utils/-/utils-2.5.0.tgz: error sending request: client error (Connect): tunnel error: unsuccessful) — 1
Will retry in 10s. 1 retries left.
[WARN] GET https://registry.npmjs.org/supports-color/-/supports-color-8.1.1.tgz error (Failed to fetch https://registry.npmjs.org/supports-color/-/supports-color-8.1.1.tgz: error sending request: client error (Connect): tunnel error: unsuccessful) — 1
Will retry in 10s. 1 retries left.
[WARN] GET https://registry.npmjs.org/@jsonjoy.com/fs-node-to-fsa/-/fs-node-to-fsa-4.78.0.tgz error (Failed to fetch https://registry.npmjs.org/@jsonjoy.com/fs-node-to-fsa/-/fs-node-to-fsa-4.78.0.tgz: error sending request: client error (Connect): tunnel error: unsuccessful) — 1
Will retry in 10s. 1 retries left.
[WARN] GET https://registry.npmjs.org/@temporalio/nexus/-/nexus-1.24.0.tgz error (Failed to fetch https://registry.npmjs.org/@temporalio/nexus/-/nexus-1.24.0.tgz: error sending request: client error (Connect): tunnel error: unsuccessful) — 1
Will retry in 10s. 1 retries left.
[WARN] GET https://registry.npmjs.org/@better-auth/drizzle-adapter/-/drizzle-adapter-1.7.5.tgz error (Failed to fetch https://registry.npmjs.org/@better-auth/drizzle-adapter/-/drizzle-adapter-1.7.5.tgz: error sending request: client error (Connect): tunnel error: unsuccessful) — 1
Will retry in 10s. 1 retries left.
[WARN] GET https://registry.npmjs.org/imurmurhash/-/imurmurhash-0.1.4.tgz error (Failed to fetch https://registry.npmjs.org/imurmurhash/-/imurmurhash-0.1.4.tgz: error sending request: client error (Connect): tunnel error: unsuccessful) — 1
Will retry in 10s. 1 retries left.
[WARN] GET https://registry.npmjs.org/@types/react/-/react-19.3.0.tgz error (Failed to fetch https://registry.npmjs.org/@types/react/-/react-19.3.0.tgz: error sending request: client error (Connect): tunnel error: unsuccessful) — 1
Will retry in 10s. 1 retries left.
[WARN] GET https://registry.npmjs.org/natural-compare/-/natural-compare-1.4.0.tgz error (Failed to fetch https://registry.npmjs.org/natural-compare/-/natural-compare-1.4.0.tgz: error sending request: client error (Connect): tunnel error: unsuccessful) — 1
Will retry in 10s. 1 retries left.
[WARN] GET https://registry.npmjs.org/type-fest/-/type-fest-4.41.0.tgz error (Failed to fetch https://registry.npmjs.org/type-fest/-/type-fest-4.41.0.tgz: error sending request: client error (Connect): tunnel error: unsuccessful) — 1
Will retry in 10s. 1 retries left.
[WARN] GET https://registry.npmjs.org/require-directory/-/require-directory-2.1.1.tgz error (Failed to fetch https://registry.npmjs.org/require-directory/-/require-directory-2.1.1.tgz: error sending request: client error (Connect): tunnel error: unsuccessful) — 1
Will retry in 10s. 1 retries left.
[WARN] GET https://registry.npmjs.org/@esbuild-kit/esm-loader/-/esm-loader-2.6.5.tgz error (Failed to fetch https://registry.npmjs.org/@esbuild-kit/esm-loader/-/esm-loader-2.6.5.tgz: error sending request: client error (Connect): tunnel error: unsuccessful) — 1
Will retry in 10s. 1 retries left.
[WARN] GET https://registry.npmjs.org/@typescript-eslint/eslint-plugin/-/eslint-plugin-8.70.0.tgz error (Failed to fetch https://registry.npmjs.org/@typescript-eslint/eslint-plugin/-/eslint-plugin-8.70.0.tgz: error sending request: client error (Connect): tunnel error: unsuccessful) — 1
Will retry in 10s. 1 retries left.
[WARN] GET https://registry.npmjs.org/@jsonjoy.com/fs-fsa/-/fs-fsa-4.78.0.tgz error (Failed to fetch https://registry.npmjs.org/@jsonjoy.com/fs-fsa/-/fs-fsa-4.78.0.tgz: error sending request: client error (Connect): tunnel error: unsuccessful) — 1
Will retry in 10s. 1 retries left.
[WARN] GET https://registry.npmjs.org/@redocly/openapi-core/-/openapi-core-1.34.20.tgz error (Failed to fetch https://registry.npmjs.org/@redocly/openapi-core/-/openapi-core-1.34.20.tgz: error sending request: client error (Connect): tunnel error: unsuccessful) — 1
Will retry in 10s. 1 retries left.
[WARN] GET https://registry.npmjs.org/@jsonjoy.com/codegen/-/codegen-17.67.0.tgz error (Failed to fetch https://registry.npmjs.org/@jsonjoy.com/codegen/-/codegen-17.67.0.tgz: error sending request: client error (Connect): tunnel error: unsuccessful) — 1
Will retry in 10s. 1 retries left.
[WARN] GET https://registry.npmjs.org/unionfs/-/unionfs-4.6.0.tgz error (Failed to fetch https://registry.npmjs.org/unionfs/-/unionfs-4.6.0.tgz: error sending request: client error (Connect): tunnel error: unsuccessful) — 1
Will retry in 10s. 1 retries left.
[WARN] GET https://registry.npmjs.org/@tailwindcss/oxide-linux-x64-gnu/-/oxide-linux-x64-gnu-4.3.3.tgz error (Failed to fetch https://registry.npmjs.org/@tailwindcss/oxide-linux-x64-gnu/-/oxide-linux-x64-gnu-4.3.3.tgz: error sending request: client error (Connect): tunnel error: unsuccessful) — 1
Will retry in 10s. 1 retries left.
[WARN] GET https://registry.npmjs.org/pg-types/-/pg-types-2.2.0.tgz error (Failed to fetch https://registry.npmjs.org/pg-types/-/pg-types-2.2.0.tgz: error sending request: client error (Connect): tunnel error: unsuccessful) — 1
Will retry in 10s. 1 retries left.
[WARN] GET https://registry.npmjs.org/@protobufjs/utf8/-/utf8-1.1.2.tgz error (Failed to fetch https://registry.npmjs.org/@protobufjs/utf8/-/utf8-1.1.2.tgz: error sending request: client error (Connect): tunnel error: unsuccessful) — 1
Will retry in 10s. 1 retries left.
[WARN] GET https://registry.npmjs.org/next/-/next-16.3.5.tgz error (Failed to fetch https://registry.npmjs.org/next/-/next-16.3.5.tgz: error sending request: client error (Connect): tunnel error: unsuccessful) — 1
Will retry in 10s. 1 retries left.
[WARN] GET https://registry.npmjs.org/@webassemblyjs/utf8/-/utf8-1.13.2.tgz error (Failed to fetch https://registry.npmjs.org/@webassemblyjs/utf8/-/utf8-1.13.2.tgz: error sending request: client error (Connect): tunnel error: unsuccessful) — 1
Will retry in 10s. 1 retries left.
[WARN] GET https://registry.npmjs.org/brace-expansion/-/brace-expansion-5.0.12.tgz error (Failed to fetch https://registry.npmjs.org/brace-expansion/-/brace-expansion-5.0.12.tgz: error sending request: client error (Connect): tunnel error: unsuccessful) — 1
Will retry in 10s. 1 retries left.
[WARN] GET https://registry.npmjs.org/styled-jsx/-/styled-jsx-5.1.6.tgz error (Failed to fetch https://registry.npmjs.org/styled-jsx/-/styled-jsx-5.1.6.tgz: error sending request: client error (Connect): tunnel error: unsuccessful) — 1
Will retry in 10s. 1 retries left.
[WARN] GET https://registry.npmjs.org/fast-levenshtein/-/fast-levenshtein-2.0.6.tgz error (Failed to fetch https://registry.npmjs.org/fast-levenshtein/-/fast-levenshtein-2.0.6.tgz: error sending request: client error (Connect): tunnel error: unsuccessful) — 1
Will retry in 10s. 1 retries left.
[WARN] GET https://registry.npmjs.org/rou3/-/rou3-0.9.2.tgz error (Failed to fetch https://registry.npmjs.org/rou3/-/rou3-0.9.2.tgz: error sending request: client error (Connect): tunnel error: unsuccessful) — 1
Will retry in 10s. 1 retries left.
[WARN] GET https://registry.npmjs.org/@jsonjoy.com/util/-/util-1.9.0.tgz error (Failed to fetch https://registry.npmjs.org/@jsonjoy.com/util/-/util-1.9.0.tgz: error sending request: client error (Connect): tunnel error: unsuccessful) — 1
Will retry in 10s. 1 retries left.
[WARN] GET https://registry.npmjs.org/defu/-/defu-6.1.7.tgz error (Failed to fetch https://registry.npmjs.org/defu/-/defu-6.1.7.tgz: error sending request: client error (Connect): tunnel error: unsuccessful) — 1
Will retry in 10s. 1 retries left.
[WARN] GET https://registry.npmjs.org/@typescript-eslint/scope-manager/-/scope-manager-8.70.0.tgz error (Failed to fetch https://registry.npmjs.org/@typescript-eslint/scope-manager/-/scope-manager-8.70.0.tgz: error sending request: client error (Connect): tunnel error: unsuccessful) — 1
Will retry in 10s. 1 retries left.
[WARN] GET https://registry.npmjs.org/hookified/-/hookified-2.2.0.tgz error (Failed to fetch https://registry.npmjs.org/hookified/-/hookified-2.2.0.tgz: error sending request: client error (Connect): tunnel error: unsuccessful) — 1
Will retry in 10s. 1 retries left.
[WARN] GET https://registry.npmjs.org/strip-ansi/-/strip-ansi-6.0.1.tgz error (Failed to fetch https://registry.npmjs.org/strip-ansi/-/strip-ansi-6.0.1.tgz: error sending request: client error (Connect): tunnel error: unsuccessful) — 1
Will retry in 10s. 1 retries left.
[WARN] GET https://registry.npmjs.org/memfs/-/memfs-4.78.0.tgz error (Failed to fetch https://registry.npmjs.org/memfs/-/memfs-4.78.0.tgz: error sending request: client error (Connect): tunnel error: unsuccessful) — 1
Will retry in 10s. 1 retries left.
[WARN] GET https://registry.npmjs.org/@babel/helper-validator-identifier/-/helper-validator-identifier-7.29.7.tgz error (Failed to fetch https://registry.npmjs.org/@babel/helper-validator-identifier/-/helper-validator-identifier-7.29.7.tgz: error sending request: client error (Connect): tunnel error: unsuccessful) — 1
Will retry in 10s. 1 retries left.
[WARN] GET https://registry.npmjs.org/@webassemblyjs/helper-buffer/-/helper-buffer-1.14.1.tgz error (Failed to fetch https://registry.npmjs.org/@webassemblyjs/helper-buffer/-/helper-buffer-1.14.1.tgz: error sending request: client error (Connect): tunnel error: unsuccessful) — 1
Will retry in 10s. 1 retries left.
[WARN] GET https://registry.npmjs.org/zod/-/zod-4.6.5.tgz error (Failed to fetch https://registry.npmjs.org/zod/-/zod-4.6.5.tgz: error sending request: client error (Connect): tunnel error: unsuccessful) — 1
Will retry in 10s. 1 retries left.
[WARN] GET https://registry.npmjs.org/@better-auth/core/-/core-1.7.5.tgz error (Failed to fetch https://registry.npmjs.org/@better-auth/core/-/core-1.7.5.tgz: error sending request: client error (Connect): tunnel error: unsuccessful) — 1
Will retry in 10s. 1 retries left.
[WARN] GET https://registry.npmjs.org/caniuse-lite/-/caniuse-lite-1.0.30001810.tgz error (Failed to fetch https://registry.npmjs.org/caniuse-lite/-/caniuse-lite-1.0.30001810.tgz: error sending request: client error (Connect): tunnel error: unsuccessful) — 1
Will retry in 10s. 1 retries left.
[WARN] GET https://registry.npmjs.org/@eslint-community/regexpp/-/regexpp-4.12.2.tgz error (Failed to fetch https://registry.npmjs.org/@eslint-community/regexpp/-/regexpp-4.12.2.tgz: error sending request: client error (Connect): tunnel error: unsuccessful) — 1
Will retry in 10s. 1 retries left.
[WARN] GET https://registry.npmjs.org/@esbuild/linux-x64/-/linux-x64-0.25.12.tgz error (Failed to fetch https://registry.npmjs.org/@esbuild/linux-x64/-/linux-x64-0.25.12.tgz: error sending request: client error (Connect): tunnel error: unsuccessful) — 1
Will retry in 10s. 1 retries left.
[WARN] GET https://registry.npmjs.org/@tailwindcss/node/-/node-4.3.3.tgz error (Failed to fetch https://registry.npmjs.org/@tailwindcss/node/-/node-4.3.3.tgz: error sending request: client error (Connect): tunnel error: unsuccessful) — 1
Will retry in 10s. 1 retries left.
[WARN] GET https://registry.npmjs.org/@swc/types/-/types-0.1.28.tgz error (Failed to fetch https://registry.npmjs.org/@swc/types/-/types-0.1.28.tgz: error sending request: client error (Connect): tunnel error: unsuccessful) — 1
Will retry in 10s. 1 retries left.
[WARN] GET https://registry.npmjs.org/@webassemblyjs/helper-wasm-bytecode/-/helper-wasm-bytecode-1.13.2.tgz error (Failed to fetch https://registry.npmjs.org/@webassemblyjs/helper-wasm-bytecode/-/helper-wasm-bytecode-1.13.2.tgz: error sending request: client error (Connect): tunnel error: unsuccessful) — 1
Will retry in 10s. 1 retries left.
[WARN] GET https://registry.npmjs.org/tapable/-/tapable-2.3.3.tgz error (Failed to fetch https://registry.npmjs.org/tapable/-/tapable-2.3.3.tgz: error sending request: client error (Connect): tunnel error: unsuccessful) — 1
Will retry in 10s. 1 retries left.
[WARN] GET https://registry.npmjs.org/js-levenshtein/-/js-levenshtein-1.1.6.tgz error (Failed to fetch https://registry.npmjs.org/js-levenshtein/-/js-levenshtein-1.1.6.tgz: error sending request: client error (Connect): tunnel error: unsuccessful) — 1
Will retry in 10s. 1 retries left.
[WARN] GET https://registry.npmjs.org/schema-utils/-/schema-utils-4.5.0.tgz error (Failed to fetch https://registry.npmjs.org/schema-utils/-/schema-utils-4.5.0.tgz: error sending request: client error (Connect): tunnel error: unsuccessful) — 1
Will retry in 10s. 1 retries left.
[WARN] GET https://registry.npmjs.org/supports-color/-/supports-color-10.2.2.tgz error (Failed to fetch https://registry.npmjs.org/supports-color/-/supports-color-10.2.2.tgz: error sending request: client error (Connect): tunnel error: unsuccessful) — 1
Will retry in 10s. 1 retries left.
[WARN] GET https://registry.npmjs.org/client-only/-/client-only-0.0.1.tgz error (Failed to fetch https://registry.npmjs.org/client-only/-/client-only-0.0.1.tgz: error sending request: client error (Connect): tunnel error: unsuccessful) — 1
Will retry in 10s. 1 retries left.
[WARN] GET https://registry.npmjs.org/webpack/-/webpack-5.111.0.tgz error (Failed to fetch https://registry.npmjs.org/webpack/-/webpack-5.111.0.tgz: error sending request: client error (Connect): tunnel error: unsuccessful) — 1
Will retry in 10s. 1 retries left.
[WARN] GET https://registry.npmjs.org/nexus-rpc/-/nexus-rpc-0.0.3.tgz error (Failed to fetch https://registry.npmjs.org/nexus-rpc/-/nexus-rpc-0.0.3.tgz: error sending request: client error (Connect): tunnel error: unsuccessful) — 1
Will retry in 10s. 1 retries left.
[WARN] GET https://registry.npmjs.org/source-map-js/-/source-map-js-1.2.1.tgz error (Failed to fetch https://registry.npmjs.org/source-map-js/-/source-map-js-1.2.1.tgz: error sending request: client error (Connect): tunnel error: unsuccessful) — 1
Will retry in 10s. 1 retries left.
[WARN] GET https://registry.npmjs.org/drizzle-kit/-/drizzle-kit-0.31.10.tgz error (Failed to fetch https://registry.npmjs.org/drizzle-kit/-/drizzle-kit-0.31.10.tgz: error sending request: client error (Connect): tunnel error: unsuccessful) — 1
Will retry in 10s. 1 retries left.
[WARN] GET https://registry.npmjs.org/jest-worker/-/jest-worker-27.5.1.tgz error (Failed to fetch https://registry.npmjs.org/jest-worker/-/jest-worker-27.5.1.tgz: error sending request: client error (Connect): tunnel error: unsuccessful) — 1
Will retry in 10s. 1 retries left.
[WARN] GET https://registry.npmjs.org/pg-cloudflare/-/pg-cloudflare-1.4.0.tgz error (Failed to fetch https://registry.npmjs.org/pg-cloudflare/-/pg-cloudflare-1.4.0.tgz: error sending request: client error (Connect): tunnel error: unsuccessful) — 1
Will retry in 10s. 1 retries left.
[WARN] GET https://registry.npmjs.org/postgres-interval/-/postgres-interval-1.2.0.tgz error (Failed to fetch https://registry.npmjs.org/postgres-interval/-/postgres-interval-1.2.0.tgz: error sending request: client error (Connect): tunnel error: unsuccessful) — 1
Will retry in 10s. 1 retries left.
[WARN] GET https://registry.npmjs.org/eslint/-/eslint-10.10.0.tgz error (Failed to fetch https://registry.npmjs.org/eslint/-/eslint-10.10.0.tgz: error sending request: client error (Connect): tunnel error: unsuccessful) — 1
Will retry in 10s. 1 retries left.
[WARN] GET https://registry.npmjs.org/@drizzle-team/brocli/-/brocli-0.10.2.tgz error (Failed to fetch https://registry.npmjs.org/@drizzle-team/brocli/-/brocli-0.10.2.tgz: error sending request: client error (Connect): tunnel error: unsuccessful) — 1
Will retry in 10s. 1 retries left.
[WARN] GET https://registry.npmjs.org/fs-monkey/-/fs-monkey-1.1.0.tgz error (Failed to fetch https://registry.npmjs.org/fs-monkey/-/fs-monkey-1.1.0.tgz: error sending request: client error (Connect): tunnel error: unsuccessful) — 1
Will retry in 10s. 1 retries left.
[WARN] GET https://registry.npmjs.org/color-name/-/color-name-1.1.4.tgz error (Failed to fetch https://registry.npmjs.org/color-name/-/color-name-1.1.4.tgz: error sending request: client error (Connect): tunnel error: unsuccessful) — 1
Will retry in 10s. 1 retries left.
[WARN] GET https://registry.npmjs.org/better-call/-/better-call-1.4.0.tgz error (Failed to fetch https://registry.npmjs.org/better-call/-/better-call-1.4.0.tgz: error sending request: client error (Connect): tunnel error: unsuccessful) — 1
Will retry in 10s. 1 retries left.
[WARN] GET https://registry.npmjs.org/@humanwhocodes/module-importer/-/module-importer-1.0.1.tgz error (Failed to fetch https://registry.npmjs.org/@humanwhocodes/module-importer/-/module-importer-1.0.1.tgz: error sending request: client error (Connect): tunnel error: unsuccessful) — 1
Will retry in 10s. 1 retries left.
[WARN] GET https://registry.npmjs.org/source-map-loader/-/source-map-loader-5.0.0.tgz error (Failed to fetch https://registry.npmjs.org/source-map-loader/-/source-map-loader-5.0.0.tgz: error sending request: client error (Connect): tunnel error: unsuccessful) — 1
Will retry in 10s. 1 retries left.
[WARN] GET https://registry.npmjs.org/@tailwindcss/postcss/-/postcss-4.3.3.tgz error (Failed to fetch https://registry.npmjs.org/@tailwindcss/postcss/-/postcss-4.3.3.tgz: error sending request: client error (Connect): tunnel error: unsuccessful) — 1
Will retry in 10s. 1 retries left.
[WARN] GET https://registry.npmjs.org/@eslint/core/-/core-1.2.1.tgz error (Failed to fetch https://registry.npmjs.org/@eslint/core/-/core-1.2.1.tgz: error sending request: client error (Connect): tunnel error: unsuccessful) — 1
Will retry in 10s. 1 retries left.
[WARN] GET https://registry.npmjs.org/rxjs/-/rxjs-7.8.2.tgz error (Failed to fetch https://registry.npmjs.org/rxjs/-/rxjs-7.8.2.tgz: error sending request: client error (Connect): tunnel error: unsuccessful) — 1
Will retry in 10s. 1 retries left.
[WARN] GET https://registry.npmjs.org/@jsonjoy.com/fs-node/-/fs-node-4.78.0.tgz error (Failed to fetch https://registry.npmjs.org/@jsonjoy.com/fs-node/-/fs-node-4.78.0.tgz: error sending request: client error (Connect): tunnel error: unsuccessful) — 1
Will retry in 10s. 1 retries left.
[WARN] GET https://registry.npmjs.org/@jsonjoy.com/fs-node-utils/-/fs-node-utils-4.78.0.tgz error (Failed to fetch https://registry.npmjs.org/@jsonjoy.com/fs-node-utils/-/fs-node-utils-4.78.0.tgz: error sending request: client error (Connect): tunnel error: unsuccessful) — 1
Will retry in 10s. 1 retries left.
[WARN] GET https://registry.npmjs.org/@xtuc/long/-/long-4.2.2.tgz error (Failed to fetch https://registry.npmjs.org/@xtuc/long/-/long-4.2.2.tgz: error sending request: client error (Connect): tunnel error: unsuccessful) — 1
Will retry in 10s. 1 retries left.
[WARN] GET https://registry.npmjs.org/picomatch/-/picomatch-4.0.7.tgz error (Failed to fetch https://registry.npmjs.org/picomatch/-/picomatch-4.0.7.tgz: error sending request: client error (Connect): tunnel error: unsuccessful) — 1
Will retry in 10s. 1 retries left.
[WARN] GET https://registry.npmjs.org/emoji-regex/-/emoji-regex-8.0.0.tgz error (Failed to fetch https://registry.npmjs.org/emoji-regex/-/emoji-regex-8.0.0.tgz: error sending request: client error (Connect): tunnel error: unsuccessful) — 1
Will retry in 10s. 1 retries left.
[WARN] GET https://registry.npmjs.org/@redocly/config/-/config-0.22.0.tgz error (Failed to fetch https://registry.npmjs.org/@redocly/config/-/config-0.22.0.tgz: error sending request: client error (Connect): tunnel error: unsuccessful) — 1
Will retry in 10s. 1 retries left.
[WARN] GET https://registry.npmjs.org/@webassemblyjs/ieee754/-/ieee754-1.13.2.tgz error (Failed to fetch https://registry.npmjs.org/@webassemblyjs/ieee754/-/ieee754-1.13.2.tgz: error sending request: client error (Connect): tunnel error: unsuccessful) — 1
Will retry in 10s. 1 retries left.
[WARN] GET https://registry.npmjs.org/@better-auth/memory-adapter/-/memory-adapter-1.7.5.tgz error (Failed to fetch https://registry.npmjs.org/@better-auth/memory-adapter/-/memory-adapter-1.7.5.tgz: error sending request: client error (Connect): tunnel error: unsuccessful) — 1
Will retry in 10s. 1 retries left.
[WARN] GET https://registry.npmjs.org/agent-base/-/agent-base-7.1.4.tgz error (Failed to fetch https://registry.npmjs.org/agent-base/-/agent-base-7.1.4.tgz: error sending request: client error (Connect): tunnel error: unsuccessful) — 1
Will retry in 10s. 1 retries left.
[WARN] GET https://registry.npmjs.org/@next/env/-/env-16.3.5.tgz error (Failed to fetch https://registry.npmjs.org/@next/env/-/env-16.3.5.tgz: error sending request: client error (Connect): tunnel error: unsuccessful) — 1
Will retry in 10s. 1 retries left.
Downloading @next/swc-linux-x64-gnu@16.3.5: 9.05 MB/33.79 MB
Downloading @next/swc-linux-x64-gnu@16.3.5: 20.34 MB/33.79 MB
[WARN] GET https://registry.npmjs.org/csstype/-/csstype-3.2.3.tgz error (Failed to fetch https://registry.npmjs.org/csstype/-/csstype-3.2.3.tgz: error sending request: client error (Connect): tunnel error: unsuccessful) — 2
Will retry in 1m. 0 retries left.
[WARN] GET https://registry.npmjs.org/punycode/-/punycode-2.3.1.tgz error (Failed to fetch https://registry.npmjs.org/punycode/-/punycode-2.3.1.tgz: error sending request: client error (Connect): tunnel error: unsuccessful) — 2
Will retry in 1m. 0 retries left.
[WARN] GET https://registry.npmjs.org/tinyglobby/-/tinyglobby-0.2.17.tgz error (Failed to fetch https://registry.npmjs.org/tinyglobby/-/tinyglobby-0.2.17.tgz: error sending request: client error (Connect): tunnel error: unsuccessful) — 2
Will retry in 1m. 0 retries left.
[WARN] GET https://registry.npmjs.org/@jsonjoy.com/buffers/-/buffers-1.2.1.tgz error (Failed to fetch https://registry.npmjs.org/@jsonjoy.com/buffers/-/buffers-1.2.1.tgz: error sending request: client error (Connect): tunnel error: unsuccessful) — 2
Will retry in 1m. 0 retries left.
[WARN] GET https://registry.npmjs.org/postcss/-/postcss-8.5.23.tgz error (Failed to fetch https://registry.npmjs.org/postcss/-/postcss-8.5.23.tgz: error sending request: client error (Connect): tunnel error: unsuccessful) — 2
Will retry in 1m. 0 retries left.
[WARN] GET https://registry.npmjs.org/yargs-parser/-/yargs-parser-21.1.1.tgz error (Failed to fetch https://registry.npmjs.org/yargs-parser/-/yargs-parser-21.1.1.tgz: error sending request: client error (Connect): tunnel error: unsuccessful) — 2
Will retry in 1m. 0 retries left.
[WARN] GET https://registry.npmjs.org/@swc/counter/-/counter-0.1.3.tgz error (Failed to fetch https://registry.npmjs.org/@swc/counter/-/counter-0.1.3.tgz: error sending request: client error (Connect): tunnel error: unsuccessful) — 2
Will retry in 1m. 0 retries left.
[WARN] GET https://registry.npmjs.org/balanced-match/-/balanced-match-4.0.4.tgz error (Failed to fetch https://registry.npmjs.org/balanced-match/-/balanced-match-4.0.4.tgz: error sending request: client error (Connect): tunnel error: unsuccessful) — 2
Will retry in 1m. 0 retries left.
[WARN] GET https://registry.npmjs.org/source-map/-/source-map-0.7.6.tgz error (Failed to fetch https://registry.npmjs.org/source-map/-/source-map-0.7.6.tgz: error sending request: client error (Connect): tunnel error: unsuccessful) — 2
Will retry in 1m. 0 retries left.
[WARN] GET https://registry.npmjs.org/esutils/-/esutils-2.0.3.tgz error (Failed to fetch https://registry.npmjs.org/esutils/-/esutils-2.0.3.tgz: error sending request: client error (Connect): tunnel error: unsuccessful) — 2
Will retry in 1m. 0 retries left.
[WARN] GET https://registry.npmjs.org/terser/-/terser-5.51.2.tgz error (Failed to fetch https://registry.npmjs.org/terser/-/terser-5.51.2.tgz: error sending request: client error (Connect): tunnel error: unsuccessful) — 2
Will retry in 1m. 0 retries left.
[WARN] GET https://registry.npmjs.org/uri-js/-/uri-js-4.4.1.tgz error (Failed to fetch https://registry.npmjs.org/uri-js/-/uri-js-4.4.1.tgz: error sending request: client error (Connect): tunnel error: unsuccessful) — 2
Will retry in 1m. 0 retries left.
[WARN] GET https://registry.npmjs.org/@jsonjoy.com/fs-core/-/fs-core-4.78.0.tgz error (Failed to fetch https://registry.npmjs.org/@jsonjoy.com/fs-core/-/fs-core-4.78.0.tgz: error sending request: client error (Connect): tunnel error: unsuccessful) — 2
Will retry in 1m. 0 retries left.
[WARN] GET https://registry.npmjs.org/uuid/-/uuid-11.1.1.tgz error (Failed to fetch https://registry.npmjs.org/uuid/-/uuid-11.1.1.tgz: error sending request: client error (Connect): tunnel error: unsuccessful) — 2
Will retry in 1m. 0 retries left.
[WARN] GET https://registry.npmjs.org/@humanwhocodes/retry/-/retry-0.4.3.tgz error (Failed to fetch https://registry.npmjs.org/@humanwhocodes/retry/-/retry-0.4.3.tgz: error sending request: client error (Connect): tunnel error: unsuccessful) — 2
Will retry in 1m. 0 retries left.
[WARN] GET https://registry.npmjs.org/postcss/-/postcss-8.5.28.tgz error (Failed to fetch https://registry.npmjs.org/postcss/-/postcss-8.5.28.tgz: error sending request: client error (Connect): tunnel error: unsuccessful) — 2
Will retry in 1m. 0 retries left.
[WARN] GET https://registry.npmjs.org/string-width/-/string-width-4.2.3.tgz error (Failed to fetch https://registry.npmjs.org/string-width/-/string-width-4.2.3.tgz: error sending request: client error (Connect): tunnel error: unsuccessful) — 2
Will retry in 1m. 0 retries left.
[WARN] GET https://registry.npmjs.org/qified/-/qified-0.10.1.tgz error (Failed to fetch https://registry.npmjs.org/qified/-/qified-0.10.1.tgz: error sending request: client error (Connect): tunnel error: unsuccessful) — 2
Will retry in 1m. 0 retries left.
[WARN] GET https://registry.npmjs.org/esquery/-/esquery-1.7.0.tgz error (Failed to fetch https://registry.npmjs.org/esquery/-/esquery-1.7.0.tgz: error sending request: client error (Connect): tunnel error: unsuccessful) — 2
Will retry in 1m. 0 retries left.
[WARN] GET https://registry.npmjs.org/@standard-schema/spec/-/spec-1.1.0.tgz error (Failed to fetch https://registry.npmjs.org/@standard-schema/spec/-/spec-1.1.0.tgz: error sending request: client error (Connect): tunnel error: unsuccessful) — 2
Will retry in 1m. 0 retries left.
[WARN] GET https://registry.npmjs.org/p-locate/-/p-locate-5.0.0.tgz error (Failed to fetch https://registry.npmjs.org/p-locate/-/p-locate-5.0.0.tgz: error sending request: client error (Connect): tunnel error: unsuccessful) — 2
Will retry in 1m. 0 retries left.
[WARN] GET https://registry.npmjs.org/@better-auth/utils/-/utils-0.4.2.tgz error (Failed to fetch https://registry.npmjs.org/@better-auth/utils/-/utils-0.4.2.tgz: error sending request: client error (Connect): tunnel error: unsuccessful) — 2
Will retry in 1m. 0 retries left.
[WARN] GET https://registry.npmjs.org/ms/-/ms-2.1.3.tgz error (Failed to fetch https://registry.npmjs.org/ms/-/ms-2.1.3.tgz: error sending request: client error (Connect): tunnel error: unsuccessful) — 2
Will retry in 1m. 0 retries left.
[WARN] GET https://registry.npmjs.org/yaml-ast-parser/-/yaml-ast-parser-0.0.43.tgz error (Failed to fetch https://registry.npmjs.org/yaml-ast-parser/-/yaml-ast-parser-0.0.43.tgz: error sending request: client error (Connect): tunnel error: unsuccessful) — 2
Will retry in 1m. 0 retries left.
[WARN] GET https://registry.npmjs.org/@cacheable/memory/-/memory-2.2.0.tgz error (Failed to fetch https://registry.npmjs.org/@cacheable/memory/-/memory-2.2.0.tgz: error sending request: client error (Connect): tunnel error: unsuccessful) — 2
Will retry in 1m. 0 retries left.
[WARN] GET https://registry.npmjs.org/@types/estree/-/estree-1.0.9.tgz error (Failed to fetch https://registry.npmjs.org/@types/estree/-/estree-1.0.9.tgz: error sending request: client error (Connect): tunnel error: unsuccessful) — 2
Will retry in 1m. 0 retries left.
[WARN] GET https://registry.npmjs.org/@webassemblyjs/wasm-opt/-/wasm-opt-1.14.1.tgz error (Failed to fetch https://registry.npmjs.org/@webassemblyjs/wasm-opt/-/wasm-opt-1.14.1.tgz: error sending request: client error (Connect): tunnel error: unsuccessful) — 2
Will retry in 1m. 0 retries left.
[WARN] GET https://registry.npmjs.org/fdir/-/fdir-6.5.0.tgz error (Failed to fetch https://registry.npmjs.org/fdir/-/fdir-6.5.0.tgz: error sending request: client error (Connect): tunnel error: unsuccessful) — 2
Will retry in 1m. 0 retries left.
[WARN] GET https://registry.npmjs.org/js-tokens/-/js-tokens-4.0.0.tgz error (Failed to fetch https://registry.npmjs.org/js-tokens/-/js-tokens-4.0.0.tgz: error sending request: client error (Connect): tunnel error: unsuccessful) — 2
Will retry in 1m. 0 retries left.
[WARN] GET https://registry.npmjs.org/@typescript-eslint/type-utils/-/type-utils-8.70.0.tgz error (Failed to fetch https://registry.npmjs.org/@typescript-eslint/type-utils/-/type-utils-8.70.0.tgz: error sending request: client error (Connect): tunnel error: unsuccessful) — 2
Will retry in 1m. 0 retries left.
[WARN] GET https://registry.npmjs.org/@jsonjoy.com/fs-snapshot/-/fs-snapshot-4.78.0.tgz error (Failed to fetch https://registry.npmjs.org/@jsonjoy.com/fs-snapshot/-/fs-snapshot-4.78.0.tgz: error sending request: client error (Connect): tunnel error: unsuccessful) — 2
Will retry in 1m. 0 retries left.
[WARN] GET https://registry.npmjs.org/brace-expansion/-/brace-expansion-2.1.7.tgz error (Failed to fetch https://registry.npmjs.org/brace-expansion/-/brace-expansion-2.1.7.tgz: error sending request: client error (Connect): tunnel error: unsuccessful) — 2
Will retry in 1m. 0 retries left.
[WARN] GET https://registry.npmjs.org/pg-protocol/-/pg-protocol-1.16.0.tgz error (Failed to fetch https://registry.npmjs.org/pg-protocol/-/pg-protocol-1.16.0.tgz: error sending request: client error (Connect): tunnel error: unsuccessful) — 2
Will retry in 1m. 0 retries left.
[WARN] GET https://registry.npmjs.org/typescript-eslint/-/typescript-eslint-8.70.0.tgz error (Failed to fetch https://registry.npmjs.org/typescript-eslint/-/typescript-eslint-8.70.0.tgz: error sending request: client error (Connect): tunnel error: unsuccessful) — 2
Will retry in 1m. 0 retries left.
[WARN] GET https://registry.npmjs.org/safer-buffer/-/safer-buffer-2.1.2.tgz error (Failed to fetch https://registry.npmjs.org/safer-buffer/-/safer-buffer-2.1.2.tgz: error sending request: client error (Connect): tunnel error: unsuccessful) — 2
Will retry in 1m. 0 retries left.
[WARN] GET https://registry.npmjs.org/@swc/helpers/-/helpers-0.5.23.tgz error (Failed to fetch https://registry.npmjs.org/@swc/helpers/-/helpers-0.5.23.tgz: error sending request: client error (Connect): tunnel error: unsuccessful) — 2
Will retry in 1m. 0 retries left.
[WARN] GET https://registry.npmjs.org/@webassemblyjs/ast/-/ast-1.14.1.tgz error (Failed to fetch https://registry.npmjs.org/@webassemblyjs/ast/-/ast-1.14.1.tgz: error sending request: client error (Connect): tunnel error: unsuccessful) — 2
Will retry in 1m. 0 retries left.
[WARN] GET https://registry.npmjs.org/json-schema-traverse/-/json-schema-traverse-0.4.1.tgz error (Failed to fetch https://registry.npmjs.org/json-schema-traverse/-/json-schema-traverse-0.4.1.tgz: error sending request: client error (Connect): tunnel error: unsuccessful) — 2
Will retry in 1m. 0 retries left.
[WARN] GET https://registry.npmjs.org/openapi-typescript/-/openapi-typescript-7.13.0.tgz error (Failed to fetch https://registry.npmjs.org/openapi-typescript/-/openapi-typescript-7.13.0.tgz: error sending request: client error (Connect): tunnel error: unsuccessful) — 2
Will retry in 1m. 0 retries left.
[WARN] GET https://registry.npmjs.org/acorn/-/acorn-8.18.0.tgz error (Failed to fetch https://registry.npmjs.org/acorn/-/acorn-8.18.0.tgz: error sending request: client error (Connect): tunnel error: unsuccessful) — 2
Will retry in 1m. 0 retries left.
[WARN] GET https://registry.npmjs.org/deep-is/-/deep-is-0.1.4.tgz error (Failed to fetch https://registry.npmjs.org/deep-is/-/deep-is-0.1.4.tgz: error sending request: client error (Connect): tunnel error: unsuccessful) — 2
Will retry in 1m. 0 retries left.
[WARN] GET https://registry.npmjs.org/estraverse/-/estraverse-5.3.0.tgz error (Failed to fetch https://registry.npmjs.org/estraverse/-/estraverse-5.3.0.tgz: error sending request: client error (Connect): tunnel error: unsuccessful) — 2
Will retry in 1m. 0 retries left.
[WARN] GET https://registry.npmjs.org/@babel/code-frame/-/code-frame-7.29.7.tgz error (Failed to fetch https://registry.npmjs.org/@babel/code-frame/-/code-frame-7.29.7.tgz: error sending request: client error (Connect): tunnel error: unsuccessful) — 2
Will retry in 1m. 0 retries left.
[WARN] GET https://registry.npmjs.org/@jsonjoy.com/fs-node-to-fsa/-/fs-node-to-fsa-4.78.0.tgz error (Failed to fetch https://registry.npmjs.org/@jsonjoy.com/fs-node-to-fsa/-/fs-node-to-fsa-4.78.0.tgz: error sending request: client error (Connect): tunnel error: unsuccessful) — 2
Will retry in 1m. 0 retries left.
[WARN] GET https://registry.npmjs.org/@cacheable/utils/-/utils-2.5.0.tgz error (Failed to fetch https://registry.npmjs.org/@cacheable/utils/-/utils-2.5.0.tgz: error sending request: client error (Connect): tunnel error: unsuccessful) — 2
Will retry in 1m. 0 retries left.
[WARN] GET https://registry.npmjs.org/supports-color/-/supports-color-8.1.1.tgz error (Failed to fetch https://registry.npmjs.org/supports-color/-/supports-color-8.1.1.tgz: error sending request: client error (Connect): tunnel error: unsuccessful) — 2
Will retry in 1m. 0 retries left.
[WARN] GET https://registry.npmjs.org/@temporalio/nexus/-/nexus-1.24.0.tgz error (Failed to fetch https://registry.npmjs.org/@temporalio/nexus/-/nexus-1.24.0.tgz: error sending request: client error (Connect): tunnel error: unsuccessful) — 2
Will retry in 1m. 0 retries left.
[WARN] GET https://registry.npmjs.org/@better-auth/drizzle-adapter/-/drizzle-adapter-1.7.5.tgz error (Failed to fetch https://registry.npmjs.org/@better-auth/drizzle-adapter/-/drizzle-adapter-1.7.5.tgz: error sending request: client error (Connect): tunnel error: unsuccessful) — 2
Will retry in 1m. 0 retries left.
[WARN] GET https://registry.npmjs.org/@types/react/-/react-19.3.0.tgz error (Failed to fetch https://registry.npmjs.org/@types/react/-/react-19.3.0.tgz: error sending request: client error (Connect): tunnel error: unsuccessful) — 2
Will retry in 1m. 0 retries left.
[WARN] GET https://registry.npmjs.org/imurmurhash/-/imurmurhash-0.1.4.tgz error (Failed to fetch https://registry.npmjs.org/imurmurhash/-/imurmurhash-0.1.4.tgz: error sending request: client error (Connect): tunnel error: unsuccessful) — 2
Will retry in 1m. 0 retries left.
[WARN] GET https://registry.npmjs.org/natural-compare/-/natural-compare-1.4.0.tgz error (Failed to fetch https://registry.npmjs.org/natural-compare/-/natural-compare-1.4.0.tgz: error sending request: client error (Connect): tunnel error: unsuccessful) — 2
Will retry in 1m. 0 retries left.
[WARN] GET https://registry.npmjs.org/require-directory/-/require-directory-2.1.1.tgz error (Failed to fetch https://registry.npmjs.org/require-directory/-/require-directory-2.1.1.tgz: error sending request: client error (Connect): tunnel error: unsuccessful) — 2
Will retry in 1m. 0 retries left.
[WARN] GET https://registry.npmjs.org/@typescript-eslint/eslint-plugin/-/eslint-plugin-8.70.0.tgz error (Failed to fetch https://registry.npmjs.org/@typescript-eslint/eslint-plugin/-/eslint-plugin-8.70.0.tgz: error sending request: client error (Connect): tunnel error: unsuccessful) — 2
Will retry in 1m. 0 retries left.
[WARN] GET https://registry.npmjs.org/type-fest/-/type-fest-4.41.0.tgz error (Failed to fetch https://registry.npmjs.org/type-fest/-/type-fest-4.41.0.tgz: error sending request: client error (Connect): tunnel error: unsuccessful) — 2
Will retry in 1m. 0 retries left.
[WARN] GET https://registry.npmjs.org/@esbuild-kit/esm-loader/-/esm-loader-2.6.5.tgz error (Failed to fetch https://registry.npmjs.org/@esbuild-kit/esm-loader/-/esm-loader-2.6.5.tgz: error sending request: client error (Connect): tunnel error: unsuccessful) — 2
Will retry in 1m. 0 retries left.
[WARN] GET https://registry.npmjs.org/unionfs/-/unionfs-4.6.0.tgz error (Failed to fetch https://registry.npmjs.org/unionfs/-/unionfs-4.6.0.tgz: error sending request: client error (Connect): tunnel error: unsuccessful) — 2
Will retry in 1m. 0 retries left.
[WARN] GET https://registry.npmjs.org/@jsonjoy.com/codegen/-/codegen-17.67.0.tgz error (Failed to fetch https://registry.npmjs.org/@jsonjoy.com/codegen/-/codegen-17.67.0.tgz: error sending request: client error (Connect): tunnel error: unsuccessful) — 2
Will retry in 1m. 0 retries left.
[WARN] GET https://registry.npmjs.org/@jsonjoy.com/fs-fsa/-/fs-fsa-4.78.0.tgz error (Failed to fetch https://registry.npmjs.org/@jsonjoy.com/fs-fsa/-/fs-fsa-4.78.0.tgz: error sending request: client error (Connect): tunnel error: unsuccessful) — 2
Will retry in 1m. 0 retries left.
[WARN] GET https://registry.npmjs.org/@redocly/openapi-core/-/openapi-core-1.34.20.tgz error (Failed to fetch https://registry.npmjs.org/@redocly/openapi-core/-/openapi-core-1.34.20.tgz: error sending request: client error (Connect): tunnel error: unsuccessful) — 2
Will retry in 1m. 0 retries left.
[WARN] GET https://registry.npmjs.org/@protobufjs/utf8/-/utf8-1.1.2.tgz error (Failed to fetch https://registry.npmjs.org/@protobufjs/utf8/-/utf8-1.1.2.tgz: error sending request: client error (Connect): tunnel error: unsuccessful) — 2
Will retry in 1m. 0 retries left.
[WARN] GET https://registry.npmjs.org/@tailwindcss/oxide-linux-x64-gnu/-/oxide-linux-x64-gnu-4.3.3.tgz error (Failed to fetch https://registry.npmjs.org/@tailwindcss/oxide-linux-x64-gnu/-/oxide-linux-x64-gnu-4.3.3.tgz: error sending request: client error (Connect): tunnel error: unsuccessful) — 2
Will retry in 1m. 0 retries left.
[WARN] GET https://registry.npmjs.org/pg-types/-/pg-types-2.2.0.tgz error (Failed to fetch https://registry.npmjs.org/pg-types/-/pg-types-2.2.0.tgz: error sending request: client error (Connect): tunnel error: unsuccessful) — 2
Will retry in 1m. 0 retries left.
[WARN] GET https://registry.npmjs.org/next/-/next-16.3.5.tgz error (Failed to fetch https://registry.npmjs.org/next/-/next-16.3.5.tgz: error sending request: client error (Connect): tunnel error: unsuccessful) — 2
Will retry in 1m. 0 retries left.
[WARN] GET https://registry.npmjs.org/@webassemblyjs/utf8/-/utf8-1.13.2.tgz error (Failed to fetch https://registry.npmjs.org/@webassemblyjs/utf8/-/utf8-1.13.2.tgz: error sending request: client error (Connect): tunnel error: unsuccessful) — 2
Will retry in 1m. 0 retries left.
[WARN] GET https://registry.npmjs.org/brace-expansion/-/brace-expansion-5.0.12.tgz error (Failed to fetch https://registry.npmjs.org/brace-expansion/-/brace-expansion-5.0.12.tgz: error sending request: client error (Connect): tunnel error: unsuccessful) — 2
Will retry in 1m. 0 retries left.
[WARN] GET https://registry.npmjs.org/styled-jsx/-/styled-jsx-5.1.6.tgz error (Failed to fetch https://registry.npmjs.org/styled-jsx/-/styled-jsx-5.1.6.tgz: error sending request: client error (Connect): tunnel error: unsuccessful) — 2
Will retry in 1m. 0 retries left.
[WARN] GET https://registry.npmjs.org/fast-levenshtein/-/fast-levenshtein-2.0.6.tgz error (Failed to fetch https://registry.npmjs.org/fast-levenshtein/-/fast-levenshtein-2.0.6.tgz: error sending request: client error (Connect): tunnel error: unsuccessful) — 2
Will retry in 1m. 0 retries left.
[WARN] GET https://registry.npmjs.org/rou3/-/rou3-0.9.2.tgz error (Failed to fetch https://registry.npmjs.org/rou3/-/rou3-0.9.2.tgz: error sending request: client error (Connect): tunnel error: unsuccessful) — 2
Will retry in 1m. 0 retries left.
[WARN] GET https://registry.npmjs.org/@jsonjoy.com/util/-/util-1.9.0.tgz error (Failed to fetch https://registry.npmjs.org/@jsonjoy.com/util/-/util-1.9.0.tgz: error sending request: client error (Connect): tunnel error: unsuccessful) — 2
Will retry in 1m. 0 retries left.
[WARN] GET https://registry.npmjs.org/@typescript-eslint/scope-manager/-/scope-manager-8.70.0.tgz error (Failed to fetch https://registry.npmjs.org/@typescript-eslint/scope-manager/-/scope-manager-8.70.0.tgz: error sending request: client error (Connect): tunnel error: unsuccessful) — 2
Will retry in 1m. 0 retries left.
[WARN] GET https://registry.npmjs.org/defu/-/defu-6.1.7.tgz error (Failed to fetch https://registry.npmjs.org/defu/-/defu-6.1.7.tgz: error sending request: client error (Connect): tunnel error: unsuccessful) — 2
Will retry in 1m. 0 retries left.
[WARN] GET https://registry.npmjs.org/hookified/-/hookified-2.2.0.tgz error (Failed to fetch https://registry.npmjs.org/hookified/-/hookified-2.2.0.tgz: error sending request: client error (Connect): tunnel error: unsuccessful) — 2
Will retry in 1m. 0 retries left.
[WARN] GET https://registry.npmjs.org/strip-ansi/-/strip-ansi-6.0.1.tgz error (Failed to fetch https://registry.npmjs.org/strip-ansi/-/strip-ansi-6.0.1.tgz: error sending request: client error (Connect): tunnel error: unsuccessful) — 2
Will retry in 1m. 0 retries left.
[WARN] GET https://registry.npmjs.org/memfs/-/memfs-4.78.0.tgz error (Failed to fetch https://registry.npmjs.org/memfs/-/memfs-4.78.0.tgz: error sending request: client error (Connect): tunnel error: unsuccessful) — 2
Will retry in 1m. 0 retries left.
[WARN] GET https://registry.npmjs.org/@better-auth/core/-/core-1.7.5.tgz error (Failed to fetch https://registry.npmjs.org/@better-auth/core/-/core-1.7.5.tgz: error sending request: client error (Connect): tunnel error: unsuccessful) — 2
Will retry in 1m. 0 retries left.
[WARN] GET https://registry.npmjs.org/@babel/helper-validator-identifier/-/helper-validator-identifier-7.29.7.tgz error (Failed to fetch https://registry.npmjs.org/@babel/helper-validator-identifier/-/helper-validator-identifier-7.29.7.tgz: error sending request: client error (Connect): tunnel error: unsuccessful) — 2
Will retry in 1m. 0 retries left.
[WARN] GET https://registry.npmjs.org/@webassemblyjs/helper-buffer/-/helper-buffer-1.14.1.tgz error (Failed to fetch https://registry.npmjs.org/@webassemblyjs/helper-buffer/-/helper-buffer-1.14.1.tgz: error sending request: client error (Connect): tunnel error: unsuccessful) — 2
Will retry in 1m. 0 retries left.
[WARN] GET https://registry.npmjs.org/zod/-/zod-4.6.5.tgz error (Failed to fetch https://registry.npmjs.org/zod/-/zod-4.6.5.tgz: error sending request: client error (Connect): tunnel error: unsuccessful) — 2
Will retry in 1m. 0 retries left.
[WARN] GET https://registry.npmjs.org/caniuse-lite/-/caniuse-lite-1.0.30001810.tgz error (Failed to fetch https://registry.npmjs.org/caniuse-lite/-/caniuse-lite-1.0.30001810.tgz: error sending request: client error (Connect): tunnel error: unsuccessful) — 2
Will retry in 1m. 0 retries left.
[WARN] GET https://registry.npmjs.org/@eslint-community/regexpp/-/regexpp-4.12.2.tgz error (Failed to fetch https://registry.npmjs.org/@eslint-community/regexpp/-/regexpp-4.12.2.tgz: error sending request: client error (Connect): tunnel error: unsuccessful) — 2
Will retry in 1m. 0 retries left.
[WARN] GET https://registry.npmjs.org/@esbuild/linux-x64/-/linux-x64-0.25.12.tgz error (Failed to fetch https://registry.npmjs.org/@esbuild/linux-x64/-/linux-x64-0.25.12.tgz: error sending request: client error (Connect): tunnel error: unsuccessful) — 2
Will retry in 1m. 0 retries left.
[WARN] GET https://registry.npmjs.org/@tailwindcss/node/-/node-4.3.3.tgz error (Failed to fetch https://registry.npmjs.org/@tailwindcss/node/-/node-4.3.3.tgz: error sending request: client error (Connect): tunnel error: unsuccessful) — 2
Will retry in 1m. 0 retries left.
[WARN] GET https://registry.npmjs.org/@swc/types/-/types-0.1.28.tgz error (Failed to fetch https://registry.npmjs.org/@swc/types/-/types-0.1.28.tgz: error sending request: client error (Connect): tunnel error: unsuccessful) — 2
Will retry in 1m. 0 retries left.
[WARN] GET https://registry.npmjs.org/@webassemblyjs/helper-wasm-bytecode/-/helper-wasm-bytecode-1.13.2.tgz error (Failed to fetch https://registry.npmjs.org/@webassemblyjs/helper-wasm-bytecode/-/helper-wasm-bytecode-1.13.2.tgz: error sending request: client error (Connect): tunnel error: unsuccessful) — 2
Will retry in 1m. 0 retries left.
[WARN] GET https://registry.npmjs.org/tapable/-/tapable-2.3.3.tgz error (Failed to fetch https://registry.npmjs.org/tapable/-/tapable-2.3.3.tgz: error sending request: client error (Connect): tunnel error: unsuccessful) — 2
Will retry in 1m. 0 retries left.
[WARN] GET https://registry.npmjs.org/schema-utils/-/schema-utils-4.5.0.tgz error (Failed to fetch https://registry.npmjs.org/schema-utils/-/schema-utils-4.5.0.tgz: error sending request: client error (Connect): tunnel error: unsuccessful) — 2
Will retry in 1m. 0 retries left.
[WARN] GET https://registry.npmjs.org/js-levenshtein/-/js-levenshtein-1.1.6.tgz error (Failed to fetch https://registry.npmjs.org/js-levenshtein/-/js-levenshtein-1.1.6.tgz: error sending request: client error (Connect): tunnel error: unsuccessful) — 2
Will retry in 1m. 0 retries left.
[WARN] GET https://registry.npmjs.org/webpack/-/webpack-5.111.0.tgz error (Failed to fetch https://registry.npmjs.org/webpack/-/webpack-5.111.0.tgz: error sending request: client error (Connect): tunnel error: unsuccessful) — 2
Will retry in 1m. 0 retries left.
[WARN] GET https://registry.npmjs.org/supports-color/-/supports-color-10.2.2.tgz error (Failed to fetch https://registry.npmjs.org/supports-color/-/supports-color-10.2.2.tgz: error sending request: client error (Connect): tunnel error: unsuccessful) — 2
Will retry in 1m. 0 retries left.
[WARN] GET https://registry.npmjs.org/client-only/-/client-only-0.0.1.tgz error (Failed to fetch https://registry.npmjs.org/client-only/-/client-only-0.0.1.tgz: error sending request: client error (Connect): tunnel error: unsuccessful) — 2
Will retry in 1m. 0 retries left.
[WARN] GET https://registry.npmjs.org/nexus-rpc/-/nexus-rpc-0.0.3.tgz error (Failed to fetch https://registry.npmjs.org/nexus-rpc/-/nexus-rpc-0.0.3.tgz: error sending request: client error (Connect): tunnel error: unsuccessful) — 2
Will retry in 1m. 0 retries left.
[WARN] GET https://registry.npmjs.org/drizzle-kit/-/drizzle-kit-0.31.10.tgz error (Failed to fetch https://registry.npmjs.org/drizzle-kit/-/drizzle-kit-0.31.10.tgz: error sending request: client error (Connect): tunnel error: unsuccessful) — 2
Will retry in 1m. 0 retries left.
[WARN] GET https://registry.npmjs.org/source-map-js/-/source-map-js-1.2.1.tgz error (Failed to fetch https://registry.npmjs.org/source-map-js/-/source-map-js-1.2.1.tgz: error sending request: client error (Connect): tunnel error: unsuccessful) — 2
Will retry in 1m. 0 retries left.
[WARN] GET https://registry.npmjs.org/jest-worker/-/jest-worker-27.5.1.tgz error (Failed to fetch https://registry.npmjs.org/jest-worker/-/jest-worker-27.5.1.tgz: error sending request: client error (Connect): tunnel error: unsuccessful) — 2
Will retry in 1m. 0 retries left.
[WARN] GET https://registry.npmjs.org/pg-cloudflare/-/pg-cloudflare-1.4.0.tgz error (Failed to fetch https://registry.npmjs.org/pg-cloudflare/-/pg-cloudflare-1.4.0.tgz: error sending request: client error (Connect): tunnel error: unsuccessful) — 2
Will retry in 1m. 0 retries left.
[WARN] GET https://registry.npmjs.org/postgres-interval/-/postgres-interval-1.2.0.tgz error (Failed to fetch https://registry.npmjs.org/postgres-interval/-/postgres-interval-1.2.0.tgz: error sending request: client error (Connect): tunnel error: unsuccessful) — 2
Will retry in 1m. 0 retries left.
[WARN] GET https://registry.npmjs.org/eslint/-/eslint-10.10.0.tgz error (Failed to fetch https://registry.npmjs.org/eslint/-/eslint-10.10.0.tgz: error sending request: client error (Connect): tunnel error: unsuccessful) — 2
Will retry in 1m. 0 retries left.
[WARN] GET https://registry.npmjs.org/@drizzle-team/brocli/-/brocli-0.10.2.tgz error (Failed to fetch https://registry.npmjs.org/@drizzle-team/brocli/-/brocli-0.10.2.tgz: error sending request: client error (Connect): tunnel error: unsuccessful) — 2
Will retry in 1m. 0 retries left.
[WARN] GET https://registry.npmjs.org/fs-monkey/-/fs-monkey-1.1.0.tgz error (Failed to fetch https://registry.npmjs.org/fs-monkey/-/fs-monkey-1.1.0.tgz: error sending request: client error (Connect): tunnel error: unsuccessful) — 2
Will retry in 1m. 0 retries left.
[WARN] GET https://registry.npmjs.org/better-call/-/better-call-1.4.0.tgz error (Failed to fetch https://registry.npmjs.org/better-call/-/better-call-1.4.0.tgz: error sending request: client error (Connect): tunnel error: unsuccessful) — 2
Will retry in 1m. 0 retries left.
[WARN] GET https://registry.npmjs.org/color-name/-/color-name-1.1.4.tgz error (Failed to fetch https://registry.npmjs.org/color-name/-/color-name-1.1.4.tgz: error sending request: client error (Connect): tunnel error: unsuccessful) — 2
Will retry in 1m. 0 retries left.
[WARN] GET https://registry.npmjs.org/@humanwhocodes/module-importer/-/module-importer-1.0.1.tgz error (Failed to fetch https://registry.npmjs.org/@humanwhocodes/module-importer/-/module-importer-1.0.1.tgz: error sending request: client error (Connect): tunnel error: unsuccessful) — 2
Will retry in 1m. 0 retries left.
[WARN] GET https://registry.npmjs.org/source-map-loader/-/source-map-loader-5.0.0.tgz error (Failed to fetch https://registry.npmjs.org/source-map-loader/-/source-map-loader-5.0.0.tgz: error sending request: client error (Connect): tunnel error: unsuccessful) — 2
Will retry in 1m. 0 retries left.
[WARN] GET https://registry.npmjs.org/@eslint/core/-/core-1.2.1.tgz error (Failed to fetch https://registry.npmjs.org/@eslint/core/-/core-1.2.1.tgz: error sending request: client error (Connect): tunnel error: unsuccessful) — 2
Will retry in 1m. 0 retries left.
[WARN] GET https://registry.npmjs.org/@tailwindcss/postcss/-/postcss-4.3.3.tgz error (Failed to fetch https://registry.npmjs.org/@tailwindcss/postcss/-/postcss-4.3.3.tgz: error sending request: client error (Connect): tunnel error: unsuccessful) — 2
Will retry in 1m. 0 retries left.
[WARN] GET https://registry.npmjs.org/rxjs/-/rxjs-7.8.2.tgz error (Failed to fetch https://registry.npmjs.org/rxjs/-/rxjs-7.8.2.tgz: error sending request: client error (Connect): tunnel error: unsuccessful) — 2
Will retry in 1m. 0 retries left.
[WARN] GET https://registry.npmjs.org/@jsonjoy.com/fs-node/-/fs-node-4.78.0.tgz error (Failed to fetch https://registry.npmjs.org/@jsonjoy.com/fs-node/-/fs-node-4.78.0.tgz: error sending request: client error (Connect): tunnel error: unsuccessful) — 2
Will retry in 1m. 0 retries left.
[WARN] GET https://registry.npmjs.org/@jsonjoy.com/fs-node-utils/-/fs-node-utils-4.78.0.tgz error (Failed to fetch https://registry.npmjs.org/@jsonjoy.com/fs-node-utils/-/fs-node-utils-4.78.0.tgz: error sending request: client error (Connect): tunnel error: unsuccessful) — 2
Will retry in 1m. 0 retries left.
[WARN] GET https://registry.npmjs.org/@xtuc/long/-/long-4.2.2.tgz error (Failed to fetch https://registry.npmjs.org/@xtuc/long/-/long-4.2.2.tgz: error sending request: client error (Connect): tunnel error: unsuccessful) — 2
Will retry in 1m. 0 retries left.
[WARN] GET https://registry.npmjs.org/emoji-regex/-/emoji-regex-8.0.0.tgz error (Failed to fetch https://registry.npmjs.org/emoji-regex/-/emoji-regex-8.0.0.tgz: error sending request: client error (Connect): tunnel error: unsuccessful) — 2
Will retry in 1m. 0 retries left.
[WARN] GET https://registry.npmjs.org/picomatch/-/picomatch-4.0.7.tgz error (Failed to fetch https://registry.npmjs.org/picomatch/-/picomatch-4.0.7.tgz: error sending request: client error (Connect): tunnel error: unsuccessful) — 2
Will retry in 1m. 0 retries left.
[WARN] GET https://registry.npmjs.org/@redocly/config/-/config-0.22.0.tgz error (Failed to fetch https://registry.npmjs.org/@redocly/config/-/config-0.22.0.tgz: error sending request: client error (Connect): tunnel error: unsuccessful) — 2
Will retry in 1m. 0 retries left.
[WARN] GET https://registry.npmjs.org/@webassemblyjs/ieee754/-/ieee754-1.13.2.tgz error (Failed to fetch https://registry.npmjs.org/@webassemblyjs/ieee754/-/ieee754-1.13.2.tgz: error sending request: client error (Connect): tunnel error: unsuccessful) — 2
Will retry in 1m. 0 retries left.
[WARN] GET https://registry.npmjs.org/agent-base/-/agent-base-7.1.4.tgz error (Failed to fetch https://registry.npmjs.org/agent-base/-/agent-base-7.1.4.tgz: error sending request: client error (Connect): tunnel error: unsuccessful) — 2
Will retry in 1m. 0 retries left.
[WARN] GET https://registry.npmjs.org/@better-auth/memory-adapter/-/memory-adapter-1.7.5.tgz error (Failed to fetch https://registry.npmjs.org/@better-auth/memory-adapter/-/memory-adapter-1.7.5.tgz: error sending request: client error (Connect): tunnel error: unsuccessful) — 2
Will retry in 1m. 0 retries left.
[WARN] GET https://registry.npmjs.org/@next/env/-/env-16.3.5.tgz error (Failed to fetch https://registry.npmjs.org/@next/env/-/env-16.3.5.tgz: error sending request: client error (Connect): tunnel error: unsuccessful) — 2
Will retry in 1m. 0 retries left.
Progress: resolved 350, reused 0, downloaded 235, added 224
[WARN] Request took 82658ms: https://registry.npmjs.org/baseline-browser-mapping
[WARN] Request took 82657ms: https://registry.npmjs.org/better-call
[WARN] Request took 82637ms: https://registry.npmjs.org/emoji-regex
[WARN] Request took 82657ms: https://registry.npmjs.org/enhanced-resolve
[WARN] Request took 82687ms: https://registry.npmjs.org/escape-string-regexp
[WARN] Request took 82689ms: https://registry.npmjs.org/es-module-lexer
[WARN] Request took 82689ms: https://registry.npmjs.org/eslint-scope
[WARN] Request took 82705ms: https://registry.npmjs.org/eslint-visitor-keys
[WARN] Request took 82705ms: https://registry.npmjs.org/espree
[WARN] Request took 82707ms: https://registry.npmjs.org/esrecurse
[WARN] Request took 82713ms: https://registry.npmjs.org/drizzle-orm
[WARN] Request took 82706ms: https://registry.npmjs.org/eslint
[WARN] Request took 82768ms: https://registry.npmjs.org/event-target-shim
[WARN] Request took 82770ms: https://registry.npmjs.org/estraverse
[WARN] Request took 82768ms: https://registry.npmjs.org/events
[WARN] Request took 82768ms: https://registry.npmjs.org/fast-deep-equal
[WARN] Request took 82785ms: https://registry.npmjs.org/esbuild
[WARN] Request took 82763ms: https://registry.npmjs.org/fast-uri
[WARN] Request took 82802ms: https://registry.npmjs.org/fdir
[WARN] Request took 82807ms: https://registry.npmjs.org/find-up
[WARN] Request took 82819ms: https://registry.npmjs.org/fast-levenshtein
[WARN] Request took 83086ms: https://registry.npmjs.org/escalade
[WARN] Request took 83030ms: https://registry.npmjs.org/@next%2Fenv
[WARN] Request took 83109ms: https://registry.npmjs.org/esquery
[WARN] Request took 83190ms: https://registry.npmjs.org/esutils
[WARN] Request took 83182ms: https://registry.npmjs.org/file-entry-cache
[WARN] Request took 83273ms: https://registry.npmjs.org/electron-to-chromium
✓ Lockfile passes supply-chain policies (486 entries in 1m 39.2s)
Lockfile is up to date, resolution step is skipped
Packages: +350
++++++++++++++++++++++++++++++++++++++++++++++++++++++++++++++++++++++++++++++++
Progress: resolved 350, reused 0, downloaded 350, added 350, done
.../esbuild@0.28.2/node_modules/esbuild postinstall$ node install.js
.../node_modules/@swc/core postinstall$ node postinstall.js
.../esbuild@0.18.20/node_modules/esbuild postinstall$ node install.js
.../node_modules/protobufjs postinstall$ node scripts/postinstall
.../node_modules/protobufjs postinstall: Done
.../esbuild@0.25.12/node_modules/esbuild postinstall$ node install.js
.../esbuild@0.18.20/node_modules/esbuild postinstall: Done
.../node_modules/@swc/core postinstall: Done
.../esbuild@0.28.2/node_modules/esbuild postinstall: Done
.../esbuild@0.25.12/node_modules/esbuild postinstall: Done

devDependencies:
+ @eslint/js 10.0.1
+ @playwright/test 1.63.0
+ @types/node 24.13.4
+ @types/pg 8.23.1
+ @types/react 19.3.0
+ @types/react-dom 19.3.0
+ eslint 10.10.0
+ openapi-typescript 7.13.0
+ tsx 4.23.13
+ typescript 5.9.3
+ typescript-eslint 8.70.0

Done in 1m 40.5s using pnpm v12.4.2
